unknown expression
; expected
unknown expression
; expected
( expected
unknown expression
) expected
identifier expected
( expected
identifier expected
identifier expected
) expected
( expected
unknown expression
unknown expression
unknown expression
unknown expression
unknown expression
, expected
unknown expression
unknown expression
unknown expression
unknown expression
) expected
( expected
identifier expected
identifier expected
) expected
) expected
key expected
} expected
unknown expression
key expected
} expected
unknown expression
unknown expression
unknown expression
unknown expression
; expected
unknown expression
; expected