expression expected
; expected
expression expected
; expected
( expected
expression expected
) expected
identifier expected
( expected
identifier expected
identifier expected
) expected
( expected
expression expected
expression expected
expression expected
expression expected
expression expected
, expected
expression expected
expression expected
expression expected
expression expected
) expected
( expected
identifier expected
identifier expected
) expected
) expected
key expected
} expected
expression expected
key expected
} expected
expression expected
expression expected
expression expected
expression expected
; expected
expression expected
; expected