[line:1, col:4] ; expected
[line:4, col:3] expression expected
[line:7, col:6] ; expected
[line:10, col:3] ( expected
[line:11, col:5] expression expected
[line:12, col:27] ) expected
[line:15, col:8] identifier expected
[line:16, col:12] ( expected
[line:17, col:13] identifier expected
[line:18, col:15] identifier expected
[line:19, col:15] ) expected
[line:22, col:2] ( expected
[line:23, col:4] expression expected
[line:26, col:3] identifier expected
[line:27, col:7] expression expected
[line:30, col:1] expression expected
[line:31, col:3] expression expected
[line:32, col:2] , expected
[line:35, col:2] expression expected
[line:38, col:1] expression expected
[line:41, col:6] expression expected
[line:42, col:8] expression expected
[line:43, col:7] ) expected
[line:46, col:9] ( expected
[line:47, col:10] identifier expected
[line:48, col:12] identifier expected
[line:49, col:11] ) expected
[line:52, col:4] ) expected
[line:55, col:2] expression expected
[line:56, col:5] ] expected
[line:59, col:2] key expected
[line:60, col:6] } expected
[line:61, col:7] expression expected
[line:62, col:12] key expected
[line:63, col:11] } expected
[line:66, col:0] expression expected
[line:67, col:1] ; expected
[line:68, col:1] ; expected
[line:69, col:0] expression expected
[line:70, col:0] expression expected
[line:73, col:2] key expected
[line:74, col:2] key expected
[line:75, col:2] key expected
[line:78, col:4] identifier expected