[line:1, col:4] ; or newline expected
[line:4, col:3] expression expected
[line:7, col:6] ; or newline expected
[line:10, col:3] ( expected
[line:11, col:5] expression expected
[line:12, col:27] ) expected
[line:15, col:8] identifier expected
[line:16, col:12] ( expected
[line:17, col:13] identifier expected
[line:18, col:15] identifier expected
[line:19, col:15] ) expected
[line:22, col:2] ( expected
[line:23, col:4] expression expected
[line:26, col:3] identifier expected
[line:27, col:5] = expected
[line:28, col:7] expression expected
[line:31, col:1] expression expected
[line:32, col:3] expression expected
[line:33, col:2] ] expected
[line:36, col:2] expression expected
[line:39, col:1] expression expected
[line:42, col:6] expression expected
[line:44, col:7] ) expected
[line:47, col:9] ( expected
[line:48, col:10] identifier expected
[line:49, col:12] identifier expected
[line:50, col:11] ) expected
[line:53, col:4] ) expected
[line:56, col:2] expression expected
[line:57, col:5] ] expected
[line:60, col:2] key expected
[line:61, col:6] : expected
[line:62, col:7] expression expected
[line:63, col:12] key expected
[line:64, col:11] } expected
[line:67, col:0] expression expected
[line:68, col:1] ; or newline expected
[line:69, col:1] ; or newline expected
[line:70, col:0] expression expected
[line:71, col:0] expression expected
[line:74, col:2] key expected
[line:75, col:2] key expected
[line:76, col:2] key expected
[line:79, col:4] identifier expected